> Task :executer
--safe
--verbose
--native

1 actionable task: 1 executed
